
R version 4.4.2 (2024-10-31 ucrt) -- "Pile of Leaves"
Copyright (C) 2024 The R Foundation for Statistical Computing
Platform: x86_64-w64-mingw32/x64

R is free software and comes with ABSOLUTELY NO WARRANTY.
You are welcome to redistribute it under certain conditions.
Type 'license()' or 'licence()' for distribution details.

  Natural language support but running in an English locale

R is a collaborative project with many contributors.
Type 'contributors()' for more information and
'citation()' on how to cite R or R packages in publications.

Type 'demo()' for some demos, 'help()' for on-line help, or
'help.start()' for an HTML browser interface to help.
Type 'q()' to quit R.

> pkgname <- "EstimateBreed"
> source(file.path(R.home("share"), "R", "examples-header.R"))
> options(warn = 1)
> options(pager = "console")
> library('EstimateBreed')

Attaching package: 'EstimateBreed'

The following object is masked from 'package:stats':

    deltat

> 
> base::assign(".oldSearch", base::search(), pos = 'CheckExEnv')
> base::assign(".old_wd", base::getwd(), pos = 'CheckExEnv')
> cleanEx()
> nameEx("atsum")
> ### * atsum
> 
> flush(stderr()); flush(stdout())
> 
> ### Name: atsum
> ### Title: Accumulated Thermal Sum
> ### Aliases: atsum
> 
> ### ** Examples
> 
> 
> 
> 
> cleanEx()
> nameEx("deltat")
> ### * deltat
> 
> flush(stderr()); flush(stdout())
> 
> ### Name: deltat
> ### Title: Optimum conditions for pesticide application
> ### Aliases: deltat
> 
> ### ** Examples
> 
> 
> 
> 
> cleanEx()
> nameEx("desv_clim")
> ### * desv_clim
> 
> flush(stderr()); flush(stdout())
> 
> ### Name: desv_clim
> ### Title: Auxiliary function for calculating ISGR
> ### Aliases: desv_clim
> 
> ### ** Examples
> 
> 
> 
> 
> cleanEx()
> nameEx("estresse")
> ### * estresse
> 
> flush(stderr()); flush(stdout())
> 
> ### Name: estresse
> ### Title: Stress indices for genotype selection
> ### Aliases: estresse
> 
> ### ** Examples
> 
> 
> 
> 
> cleanEx()
> nameEx("gvri")
> ### * gvri
> 
> flush(stderr()); flush(stdout())
> 
> ### Name: gvri
> ### Title: Selection for Grain Volume
> ### Aliases: gvri
> 
> ### ** Examples
> 
> 
> 
> 
> cleanEx()
> nameEx("hello")
> ### * hello
> 
> flush(stderr()); flush(stdout())
> 
> ### Name: hello
> ### Title: Hello, World!
> ### Aliases: hello
> 
> ### ** Examples
> 
> hello()
Error in hello() : could not find function "hello"
Execution halted
